[     324ms] [INFO] %cDownload the React DevTools for a better development experience: https://react.dev/link/react-devtools font-weight:bold @ http://localhost:12345/_next/static/chunks/a7abb_next_dist_compiled_react-dom_99acc9._.js:13948
[     458ms] [LOG] [Fast Refresh] rebuilding @ http://localhost:12345/_next/static/chunks/a7abb_next_dist_client_91ac0f._.js:13665
[    7389ms] [LOG] [Fast Refresh] rebuilding @ http://localhost:12345/_next/static/chunks/a7abb_next_dist_client_91ac0f._.js:13665
[    7642ms] [LOG] [Fast Refresh] rebuilding @ http://localhost:12345/_next/static/chunks/a7abb_next_dist_client_91ac0f._.js:13665
[   15362ms] [LOG] [Fast Refresh] rebuilding @ http://localhost:12345/_next/static/chunks/a7abb_next_dist_client_91ac0f._.js:13665
[   15579ms] [LOG] [Fast Refresh] rebuilding @ http://localhost:12345/_next/static/chunks/a7abb_next_dist_client_91ac0f._.js:13665
[   16216ms] [LOG] [Fast Refresh] rebuilding @ http://localhost:12345/_next/static/chunks/a7abb_next_dist_client_91ac0f._.js:13665
[   16444ms] [LOG] [Fast Refresh] rebuilding @ http://localhost:12345/_next/static/chunks/a7abb_next_dist_client_91ac0f._.js:13665
[   16499ms] [LOG] [Fast Refresh] rebuilding @ http://localhost:12345/_next/static/chunks/a7abb_next_dist_client_91ac0f._.js:13665
[   16690ms] [LOG] [Fast Refresh] rebuilding @ http://localhost:12345/_next/static/chunks/a7abb_next_dist_client_91ac0f._.js:13665
[   17257ms] [LOG] [Fast Refresh] rebuilding @ http://localhost:12345/_next/static/chunks/a7abb_next_dist_client_91ac0f._.js:13665
[   17464ms] [LOG] [Fast Refresh] rebuilding @ http://localhost:12345/_next/static/chunks/a7abb_next_dist_client_91ac0f._.js:13665
[   19514ms] [LOG] [Fast Refresh] rebuilding @ http://localhost:12345/_next/static/chunks/a7abb_next_dist_client_91ac0f._.js:13665
[   20864ms] [LOG] [Fast Refresh] rebuilding @ http://localhost:12345/_next/static/chunks/a7abb_next_dist_client_91ac0f._.js:13665
[   21115ms] [LOG] [Fast Refresh] rebuilding @ http://localhost:12345/_next/static/chunks/a7abb_next_dist_client_91ac0f._.js:13665
[  122843ms] [LOG] [Fast Refresh] rebuilding @ http://localhost:12345/_next/static/chunks/a7abb_next_dist_client_91ac0f._.js:13665
[  122981ms] [LOG] [Fast Refresh] rebuilding @ http://localhost:12345/_next/static/chunks/a7abb_next_dist_client_91ac0f._.js:13665
[  123466ms] [LOG] [Fast Refresh] rebuilding @ http://localhost:12345/_next/static/chunks/a7abb_next_dist_client_91ac0f._.js:13665
[  123590ms] [LOG] [Fast Refresh] rebuilding @ http://localhost:12345/_next/static/chunks/a7abb_next_dist_client_91ac0f._.js:13665
[  145643ms] [LOG] [Fast Refresh] rebuilding @ http://localhost:12345/_next/static/chunks/a7abb_next_dist_client_91ac0f._.js:13665
[  322063ms] [LOG] [Fast Refresh] rebuilding @ http://localhost:12345/_next/static/chunks/a7abb_next_dist_client_91ac0f._.js:13665
[  322188ms] [LOG] [Fast Refresh] rebuilding @ http://localhost:12345/_next/static/chunks/a7abb_next_dist_client_91ac0f._.js:13665
[  322225ms] [LOG] [Fast Refresh] rebuilding @ http://localhost:12345/_next/static/chunks/a7abb_next_dist_client_91ac0f._.js:13665
[  322665ms] [LOG] [Fast Refresh] rebuilding @ http://localhost:12345/_next/static/chunks/a7abb_next_dist_client_91ac0f._.js:13665
[  337774ms] [LOG] [Fast Refresh] rebuilding @ http://localhost:12345/_next/static/chunks/a7abb_next_dist_client_91ac0f._.js:13665
[  337845ms] [LOG] [Fast Refresh] rebuilding @ http://localhost:12345/_next/static/chunks/a7abb_next_dist_client_91ac0f._.js:13665
[  337899ms] [WARNING] Skipping auto-scroll behavior due to `position: sticky` or `position: fixed` on element: JSHandle@node @ http://localhost:12345/_next/static/chunks/_1854a8._.js:149
[  337899ms] [WARNING] Skipping auto-scroll behavior due to `position: sticky` or `position: fixed` on element: JSHandle@node @ http://localhost:12345/_next/static/chunks/_1854a8._.js:149
[  337984ms] [WARNING] Skipping auto-scroll behavior due to `position: sticky` or `position: fixed` on element: JSHandle@node @ http://localhost:12345/_next/static/chunks/_1854a8._.js:149
[  337984ms] [WARNING] Skipping auto-scroll behavior due to `position: sticky` or `position: fixed` on element: JSHandle@node @ http://localhost:12345/_next/static/chunks/_1854a8._.js:149
[  338000ms] [LOG] [Fast Refresh] rebuilding @ http://localhost:12345/_next/static/chunks/a7abb_next_dist_client_91ac0f._.js:13665
